Gym has been unmaintained since 2022 and does not support NumPy 2.0 amongst other critical functionality.
Please upgrade to Gymnasium, the maintained drop-in replacement of Gym, or contact the authors of your software and request that they upgrade.
Users of this version of Gym should be able to simply replace 'import gym' with 'import gymnasium as gym' in the vast majority of cases.
See the migration guide at https://gymnasium.farama.org/introduction/migration_guide/ for additional information.
================================================================================
训练配置: PPO
  使用GPU: 1 (1张卡, 单GPU模式)
  训练迭代: 1000
  Episode长度: 100
  折扣因子: 0.95
  学习率: 5e-05
================================================================================
Traceback (most recent call last):
  File "train_distributed.py", line 313, in <module>
    train_algorithm(
  File "train_distributed.py", line 86, in train_algorithm
    PPOConfig()
  File "/home/ubuntu/miniconda3/envs/cage4/lib/python3.8/site-packages/ray/rllib/algorithms/ppo/ppo.py", line 264, in training
    super().training(**kwargs)
TypeError: training() got an unexpected keyword argument 'vf_loss_coef'
